[INFO] Scanning for projects...
[INFO] ------------------------------------------------------------------------
[INFO] Reactor Build Order:
[INFO] 
[INFO] Jackson Merge Patch                                                [pom]
[INFO] Jackson Merge Patch Core                                           [jar]
[INFO] Jackson Merge Patch Validations                                    [jar]
[INFO] 
[INFO] ----------< com.github.jeffnelson:jackson-merge-patch-parent >----------
[INFO] Building Jackson Merge Patch 2.0.0                                 [1/3]
[INFO]   from pom.xml
[INFO] --------------------------------[ pom ]---------------------------------
[INFO] 
[INFO] --- clean:3.2.0:clean (default-clean) @ jackson-merge-patch-parent ---
[INFO] 
[INFO] --- jacoco:0.8.10:prepare-agent (prepare-agent) @ jackson-merge-patch-parent ---
[INFO] argLine set to -javaagent:/Users/francisco.acevedo/.m2/repository/org/jacoco/org.jacoco.agent/0.8.10/org.jacoco.agent-0.8.10-runtime.jar=destfile=/Applications/eclipse/workspace/jackson-merge-patch/target/jacoco.exec
[INFO] 
[INFO] --- jacoco:0.8.10:report (report) @ jackson-merge-patch-parent ---
[INFO] Skipping JaCoCo execution due to missing execution data file.
[INFO] 
[INFO] --- source:3.3.0:jar-no-fork (attach-sources) @ jackson-merge-patch-parent ---
[INFO] 
[INFO] -----------< com.github.jeffnelson:jackson-merge-patch-core >-----------
[INFO] Building Jackson Merge Patch Core 2.0.0                            [2/3]
[INFO]   from jackson-merge-patch-core/pom.xml
[INFO] --------------------------------[ jar ]---------------------------------
[INFO] 
[INFO] --- clean:3.2.0:clean (default-clean) @ jackson-merge-patch-core ---
[INFO] Deleting /Applications/eclipse/workspace/jackson-merge-patch/jackson-merge-patch-core/target
[INFO] 
[INFO] --- jacoco:0.8.10:prepare-agent (prepare-agent) @ jackson-merge-patch-core ---
[INFO] argLine set to -javaagent:/Users/francisco.acevedo/.m2/repository/org/jacoco/org.jacoco.agent/0.8.10/org.jacoco.agent-0.8.10-runtime.jar=destfile=/Applications/eclipse/workspace/jackson-merge-patch/jackson-merge-patch-core/target/jacoco.exec
[INFO] 
[INFO] --- resources:3.3.1:resources (default-resources) @ jackson-merge-patch-core ---
[INFO] skip non existing resourceDirectory /Applications/eclipse/workspace/jackson-merge-patch/jackson-merge-patch-core/src/main/resources
[INFO] 
[INFO] --- compiler:3.11.0:compile (default-compile) @ jackson-merge-patch-core ---
[INFO] Changes detected - recompiling the module! :source
[INFO] Compiling 5 source files with javac [debug target 1.8] to target/classes
[INFO] 
[INFO] --- resources:3.3.1:testResources (default-testResources) @ jackson-merge-patch-core ---
[INFO] Copying 4 resources from src/test/resources to target/test-classes
[INFO] 
[INFO] --- compiler:3.11.0:testCompile (default-testCompile) @ jackson-merge-patch-core ---
[INFO] Changes detected - recompiling the module! :dependency
[INFO] Compiling 1 source file with javac [debug target 1.8] to target/test-classes
[INFO] 
[INFO] --- surefire:3.1.2:test (default-test) @ jackson-merge-patch-core ---
[INFO] Tests are skipped.
[INFO] 
[INFO] --- jacoco:0.8.10:report (report) @ jackson-merge-patch-core ---
[INFO] Skipping JaCoCo execution due to missing execution data file.
[INFO] 
[INFO] --- jar:3.3.0:jar (default-jar) @ jackson-merge-patch-core ---
[INFO] Building jar: /Applications/eclipse/workspace/jackson-merge-patch/jackson-merge-patch-core/target/jackson-merge-patch-core-2.0.0.jar
[INFO] 
[INFO] --- source:3.3.0:jar-no-fork (attach-sources) @ jackson-merge-patch-core ---
[INFO] Building jar: /Applications/eclipse/workspace/jackson-merge-patch/jackson-merge-patch-core/target/jackson-merge-patch-core-2.0.0-sources.jar
[INFO] 
[INFO] -------< com.github.jeffnelson:jackson-merge-patch-validations >--------
[INFO] Building Jackson Merge Patch Validations 2.0.0                     [3/3]
[INFO]   from jackson-merge-patch-validations/pom.xml
[INFO] --------------------------------[ jar ]---------------------------------
[INFO] 
[INFO] --- clean:3.2.0:clean (default-clean) @ jackson-merge-patch-validations ---
[INFO] Deleting /Applications/eclipse/workspace/jackson-merge-patch/jackson-merge-patch-validations/target
[INFO] 
[INFO] --- jacoco:0.8.10:prepare-agent (prepare-agent) @ jackson-merge-patch-validations ---
[INFO] argLine set to -javaagent:/Users/francisco.acevedo/.m2/repository/org/jacoco/org.jacoco.agent/0.8.10/org.jacoco.agent-0.8.10-runtime.jar=destfile=/Applications/eclipse/workspace/jackson-merge-patch/jackson-merge-patch-validations/target/jacoco.exec
[INFO] 
[INFO] --- resources:3.3.1:resources (default-resources) @ jackson-merge-patch-validations ---
[INFO] skip non existing resourceDirectory /Applications/eclipse/workspace/jackson-merge-patch/jackson-merge-patch-validations/src/main/resources
[INFO] 
[INFO] --- compiler:3.11.0:compile (default-compile) @ jackson-merge-patch-validations ---
[INFO] Changes detected - recompiling the module! :dependency
[INFO] Compiling 8 source files with javac [debug target 1.8] to target/classes
[INFO] 
[INFO] --- resources:3.3.1:testResources (default-testResources) @ jackson-merge-patch-validations ---
[INFO] Copying 2 resources from src/test/resources to target/test-classes
[INFO] 
[INFO] --- compiler:3.11.0:testCompile (default-testCompile) @ jackson-merge-patch-validations ---
[INFO] Changes detected - recompiling the module! :dependency
[INFO] Compiling 3 source files with javac [debug target 1.8] to target/test-classes
[INFO] 
[INFO] --- surefire:3.1.2:test (default-test) @ jackson-merge-patch-validations ---
[INFO] Tests are skipped.
[INFO] 
[INFO] --- jacoco:0.8.10:report (report) @ jackson-merge-patch-validations ---
[INFO] Skipping JaCoCo execution due to missing execution data file.
[INFO] 
[INFO] --- jar:3.3.0:jar (default-jar) @ jackson-merge-patch-validations ---
[INFO] Building jar: /Applications/eclipse/workspace/jackson-merge-patch/jackson-merge-patch-validations/target/jackson-merge-patch-validations-2.0.0.jar
[INFO] 
[INFO] --- source:3.3.0:jar-no-fork (attach-sources) @ jackson-merge-patch-validations ---
[INFO] Building jar: /Applications/eclipse/workspace/jackson-merge-patch/jackson-merge-patch-validations/target/jackson-merge-patch-validations-2.0.0-sources.jar
[INFO] ------------------------------------------------------------------------
[INFO] Reactor Summary for Jackson Merge Patch 2.0.0:
[INFO] 
[INFO] Jackson Merge Patch ................................ SUCCESS [  0.952 s]
[INFO] Jackson Merge Patch Core ........................... SUCCESS [  3.461 s]
[INFO] Jackson Merge Patch Validations .................... SUCCESS [  1.592 s]
[INFO] ------------------------------------------------------------------------
[INFO] BUILD SUCCESS
[INFO] ------------------------------------------------------------------------
[INFO] Total time:  6.080 s
[INFO] Finished at: 2026-04-13T10:09:32-06:00
[INFO] ------------------------------------------------------------------------
