[INFO] Scanning for projects...
[INFO] ------------------------------------------------------------------------
[INFO] Reactor Build Order:
[INFO] 
[INFO] Jackson Merge Patch                                                [pom]
[INFO] Jackson Merge Patch Core                                           [jar]
[INFO] Jackson Merge Patch Validations                                    [jar]
[INFO] 
[INFO] ----------< com.github.jeffnelson:jackson-merge-patch-parent >----------
[INFO] Building Jackson Merge Patch 3.0.0                                 [1/3]
[INFO]   from pom.xml
[INFO] --------------------------------[ pom ]---------------------------------
[INFO] 
[INFO] --- clean:3.2.0:clean (default-clean) @ jackson-merge-patch-parent ---
[INFO] 
[INFO] --- toolchains:3.1.0:toolchain (default) @ jackson-merge-patch-parent ---
[INFO] Required toolchain: jdk [ vendor='amazon' version='[21,22)' ]
[INFO] Found matching toolchain for type jdk: JDK[/Users/francisco.acevedo/.sdkman/candidates/java/21.0.8-amzn]
[INFO] 
[INFO] --- jacoco:0.8.12:prepare-agent (prepare-agent) @ jackson-merge-patch-parent ---
[INFO] argLine set to -javaagent:/Users/francisco.acevedo/.m2/repository/org/jacoco/org.jacoco.agent/0.8.12/org.jacoco.agent-0.8.12-runtime.jar=destfile=/Applications/eclipse/workspace/jackson-merge-patch/target/jacoco.exec
[INFO] 
[INFO] -----------< com.github.jeffnelson:jackson-merge-patch-core >-----------
[INFO] Building Jackson Merge Patch Core 3.0.0                            [2/3]
[INFO]   from jackson-merge-patch-core/pom.xml
[INFO] --------------------------------[ jar ]---------------------------------
[INFO] 
[INFO] --- clean:3.2.0:clean (default-clean) @ jackson-merge-patch-core ---
[INFO] Deleting /Applications/eclipse/workspace/jackson-merge-patch/jackson-merge-patch-core/target
[INFO] 
[INFO] --- toolchains:3.1.0:toolchain (default) @ jackson-merge-patch-core ---
[INFO] Required toolchain: jdk [ vendor='amazon' version='[21,22)' ]
[INFO] Found matching toolchain for type jdk: JDK[/Users/francisco.acevedo/.sdkman/candidates/java/21.0.8-amzn]
[INFO] 
[INFO] --- jacoco:0.8.12:prepare-agent (prepare-agent) @ jackson-merge-patch-core ---
[INFO] argLine set to -javaagent:/Users/francisco.acevedo/.m2/repository/org/jacoco/org.jacoco.agent/0.8.12/org.jacoco.agent-0.8.12-runtime.jar=destfile=/Applications/eclipse/workspace/jackson-merge-patch/jackson-merge-patch-core/target/jacoco.exec
[INFO] 
[INFO] --- resources:3.3.1:resources (default-resources) @ jackson-merge-patch-core ---
[INFO] skip non existing resourceDirectory /Applications/eclipse/workspace/jackson-merge-patch/jackson-merge-patch-core/src/main/resources
[INFO] 
[INFO] --- compiler:3.11.0:compile (default-compile) @ jackson-merge-patch-core ---
[INFO] Toolchain in maven-compiler-plugin: JDK[/Users/francisco.acevedo/.sdkman/candidates/java/21.0.8-amzn]
[INFO] Changes detected - recompiling the module! :source
[INFO] Compiling 5 source files with javac [forked debug release 21] to target/classes
[INFO] 
[INFO] -------< com.github.jeffnelson:jackson-merge-patch-validations >--------
[INFO] Building Jackson Merge Patch Validations 3.0.0                     [3/3]
[INFO]   from jackson-merge-patch-validations/pom.xml
[INFO] --------------------------------[ jar ]---------------------------------
[WARNING] The artifact org.hibernate:hibernate-validator:jar:6.2.5.Final has been relocated to org.hibernate.validator:hibernate-validator:jar:6.2.5.Final
[INFO] 
[INFO] --- clean:3.2.0:clean (default-clean) @ jackson-merge-patch-validations ---
[INFO] Deleting /Applications/eclipse/workspace/jackson-merge-patch/jackson-merge-patch-validations/target
[INFO] 
[INFO] --- toolchains:3.1.0:toolchain (default) @ jackson-merge-patch-validations ---
[INFO] Required toolchain: jdk [ vendor='amazon' version='[21,22)' ]
[INFO] Found matching toolchain for type jdk: JDK[/Users/francisco.acevedo/.sdkman/candidates/java/21.0.8-amzn]
[INFO] 
[INFO] --- jacoco:0.8.12:prepare-agent (prepare-agent) @ jackson-merge-patch-validations ---
[INFO] argLine set to -javaagent:/Users/francisco.acevedo/.m2/repository/org/jacoco/org.jacoco.agent/0.8.12/org.jacoco.agent-0.8.12-runtime.jar=destfile=/Applications/eclipse/workspace/jackson-merge-patch/jackson-merge-patch-validations/target/jacoco.exec
[INFO] 
[INFO] --- resources:3.3.1:resources (default-resources) @ jackson-merge-patch-validations ---
[INFO] skip non existing resourceDirectory /Applications/eclipse/workspace/jackson-merge-patch/jackson-merge-patch-validations/src/main/resources
[INFO] 
[INFO] --- compiler:3.11.0:compile (default-compile) @ jackson-merge-patch-validations ---
[INFO] Toolchain in maven-compiler-plugin: JDK[/Users/francisco.acevedo/.sdkman/candidates/java/21.0.8-amzn]
[INFO] Changes detected - recompiling the module! :dependency
[INFO] Compiling 8 source files with javac [forked debug release 21] to target/classes
[INFO] ------------------------------------------------------------------------
[INFO] Reactor Summary for Jackson Merge Patch 3.0.0:
[INFO] 
[INFO] Jackson Merge Patch ................................ SUCCESS [  0.548 s]
[INFO] Jackson Merge Patch Core ........................... SUCCESS [  2.179 s]
[INFO] Jackson Merge Patch Validations .................... SUCCESS [  1.056 s]
[INFO] ------------------------------------------------------------------------
[INFO] BUILD SUCCESS
[INFO] ------------------------------------------------------------------------
[INFO] Total time:  3.864 s
[INFO] Finished at: 2026-04-13T11:41:38-06:00
[INFO] ------------------------------------------------------------------------
